AB728716-E5CD-4AB3-8DAB-FCDEF38319FE                                                                                                                                                                                                                                                                                                            
A9A0E469-6E45-491C-ADEC-96E272AC08DB                                                                                                                                                                                                                                                                                                            
2AE00BDD-1817-453E-8550-5C38E21CFE4A                                                                                                                                                                                                                                                                                                            
F7CE16BF-0864-4BF2-8B74-8BF4AA73080E                                                                                                                                                                                                                                                                                                            
83DFABF2-0B0F-4BAD-9D18-1E483B99DF49                                                                                                                                                                                                                                                                                                            
6A0A0E6F-F20F-41C5-A468-95772F84FEE9                                                                                                                                                                                                                                                                                                            
645720CE-CFFF-401C-AD00-2400B0DDA940                                                                                                                                                                                                                                                                                                            
5309A521-6185-4ECF-932C-98AB20315223

29DEDA9E-C809-448D-9CFE-5F8E81D8D913

896410B3-87AC-4E0C-96DE-9F7D475ACF83

64989C95-F5AA-4059-8CBB-F57225955E55

4AF87573-84FA-47AA-8C8F-C3F2D0E0A98E

E99B28F7-646D-4F39-975C-0292091B2306

5411CB74-60F3-4EBF-B0D1-C606925071C3

D9FA6CCB-A575-4F90-B373-019B76E57210

07B966BA-DE10-4327-9258-F01DADE6D990

4CACF37F-419D-4DFE-B2DE-7CC07D69A763

E577A318-7A30-422E-939E-90479D1D6AED

45BB5BED-3EA6-4EAD-8473-73AC22DEE0A7

27115AD3-6271-44B0-B31D-707905808A76

F4814986-F582-477A-AE6D-92CAECB66906

861D995C-23E6-41FD-B295-4CC3D6B6D8C5

4CC54323-473B-49C8-9676-FEBC54C3D301

1D5E9F05-72B4-4E99-A75A-680708D9E876

653D3FF1-08FF-4119-B055-7C8D8F0C3D86

E730C95C-05B2-4013-86CF-C3AD96886E8A

E9C96679-D57C-4EBF-B9B8-1E61F29A8EED

EE84CBB4-C77D-47AA-A013-8C4B06E9ABEC

E9A93E18-62C7-4801-9DDC-CD38750A10C3

B1E8645F-75B5-416F-B87C-320338EDCF64

6D4DD760-9C73-48B6-BBDA-DE444D70AF54

48B6722D-5531-4B54-992D-1DAE5026B2F9

831845D7-41AD-4AA5-BDB4-D46E95916ED5

