2025-06-19 19:25:29 - 686B5714-DB03-4F57-A657-9A8EB0D031E8 - Customer page created
2025-06-19 19:25:32 - 317AD3B2-30A7-41BB-A95F-4A3A1A6976E9 - Customer page created
2025-06-19 19:25:34 - 8C249B64-64D8-43C7-A122-A9D6CF8617AB - Customer page created
2025-06-19 19:25:37 - 2A30CA0D-BDA5-4A30-8438-AC9F9E5113A0 - Customer page created
2025-06-19 19:25:39 - BFB7ABC6-03BF-4DE6-B46C-0442BC5A7563 - Customer page created
2025-06-19 19:31:30 - FC32B070-E43A-4E9B-813E-A205BF61A340 - Customer page created
2025-06-19 20:07:23 - 16BCAD4A-4D8C-432C-973D-3D3BDFBC1927 - Customer page created
2025-06-20 05:02:46 - EE29FFA5-D38C-414B-8E8A-3AD13E680E51 - Customer page created
2025-06-20 05:02:55 - 50D5088D-4B62-4A58-940D-BFBAA00BF782 - Customer page created
2025-06-20 05:03:05 - D00E88E1-BB86-4A3F-BCE4-85B07F410E7A - Customer page created
2025-06-20 05:26:15 - C53741F8-0996-4B2A-91EB-BE778687C6AB - Customer page created
2025-06-20 05:30:54 - 08D037F2-7F11-4669-B5EA-ACF5A10FE52C - Customer page created
2025-06-20 05:52:15 - D77CCAB2-DD0D-4918-B298-BC009C207E9A - Customer page created
2025-06-20 05:52:15 - D77CCAB2-DD0D-4918-B298-BC009C207E9A - Customer page created
2025-06-20 05:52:16 - D77CCAB2-DD0D-4918-B298-BC009C207E9A - Customer page created
2025-06-20 05:58:13 - 35449272-C2F7-44C9-9155-89DCBFB15DC8 - Customer page created
2025-06-20 06:03:04 - BA86EDE5-348D-4292-8CB4-5F3CA2636132 - Customer page created
2025-06-20 15:01:20 - 5CF02FA6-6176-4D3C-B268-F17C8A0481B7 - Customer page created
2025-06-20 15:01:21 - 5CF02FA6-6176-4D3C-B268-F17C8A0481B7 - Customer page created
2025-06-20 15:08:34 - 8D295B00-1732-4D0F-8EB7-26F52D60282D - Customer page created
2025-06-20 15:08:35 - 8D295B00-1732-4D0F-8EB7-26F52D60282D - Customer page created
2025-06-21 17:50:01 - 335930EF-6487-443F-B739-80EA317971BD - Customer page created
2025-06-21 17:50:04 - 266DA987-C32F-4C18-9C49-CD41F282E834 - Customer page created
2025-06-21 17:50:05 - 266DA987-C32F-4C18-9C49-CD41F282E834 - Customer page created
2025-06-21 17:50:07 - A7FECB6C-8568-45BD-915D-D0798CEED9A3 - Customer page created
2025-06-21 17:50:08 - A7FECB6C-8568-45BD-915D-D0798CEED9A3 - Customer page created
2025-06-21 17:50:09 - 503D8404-9754-45A6-8FC5-B0F36BAF82AA - Customer page created
2025-06-21 17:50:10 - 503D8404-9754-45A6-8FC5-B0F36BAF82AA - Customer page created
2025-06-21 17:50:11 - 503D8404-9754-45A6-8FC5-B0F36BAF82AA - Customer page created
2025-06-21 17:51:16 - 47B99E58-DBDC-4013-A740-58A734A7CF1C - Customer page created
2025-06-23 21:26:26 - C647A455-4AD8-4185-B123-C54DCEB2D7C8 - Customer page created
2025-06-23 21:26:27 - C647A455-4AD8-4185-B123-C54DCEB2D7C8 - Customer page created
2025-06-23 21:26:27 - C647A455-4AD8-4185-B123-C54DCEB2D7C8 - Customer page created
2025-06-23 21:26:28 - 82C714FF-320E-4B4C-B8C1-C262644F6008 - Customer page created
2025-06-23 21:26:30 - 82C714FF-320E-4B4C-B8C1-C262644F6008 - Customer page created
2025-06-23 21:26:30 - 82C714FF-320E-4B4C-B8C1-C262644F6008 - Customer page created
2025-06-23 21:26:31 - 00F76326-6CEF-4BE6-8DF5-B31A7F8B5B79 - Customer page created
2025-06-23 21:26:32 - 00F76326-6CEF-4BE6-8DF5-B31A7F8B5B79 - Customer page created
2025-06-23 21:26:32 - 00F76326-6CEF-4BE6-8DF5-B31A7F8B5B79 - Customer page created
2025-06-23 21:26:33 - 00F76326-6CEF-4BE6-8DF5-B31A7F8B5B79 - Customer page created
2025-06-23 21:26:33 - 2B8EB7B9-C42A-462D-9063-805F6C500794 - Customer page created
2025-06-23 21:26:34 - 2B8EB7B9-C42A-462D-9063-805F6C500794 - Customer page created
2025-06-23 21:26:36 - 2B8EB7B9-C42A-462D-9063-805F6C500794 - Customer page created
2025-06-23 21:26:37 - 2B8EB7B9-C42A-462D-9063-805F6C500794 - Customer page created
2025-06-23 21:35:59 - A3F6EB5C-601C-46C2-92DA-2C45A6E43A3D - Customer page created
2025-06-23 21:38:47 - 478A390C-93EA-4760-9050-29B0AD4238C5 - Customer page created
2025-06-23 21:39:32 - A042A15D-1BD0-4DD4-936C-594D0AB90F01 - Customer page created
2025-06-23 22:04:48 - BEC34AFA-C9A0-4033-B177-5EBC7051FAB2 - Customer page created
2025-06-23 22:05:28 - 3083F4BF-DC7A-499D-94A9-52228C5349C6 - Customer page created
2025-06-23 22:05:38 - 18A10D98-5D2D-4167-9EDA-D2A94E4564E1 - Customer page created
2025-06-23 22:06:08 - 6498BD6C-D1B4-4BF1-91F2-B4517F51C238 - Customer page created
2025-06-23 23:22:35 - 803FC050-4167-4F16-BBFD-D796FF90111F - Customer page created
2025-06-23 23:22:37 - 803FC050-4167-4F16-BBFD-D796FF90111F - Customer page created
2025-06-23 23:22:37 - 803FC050-4167-4F16-BBFD-D796FF90111F - Customer page created
2025-06-23 23:22:39 - 803FC050-4167-4F16-BBFD-D796FF90111F - Customer page created
2025-06-24 00:03:31 - 063516E9-C336-4623-8FFB-E154B209099C - Customer page created
2025-06-24 00:03:57 - E14F1651-456C-496F-ABF9-31FE1EA50AF4 - Customer page created
2025-06-24 00:04:11 - 1FC70220-CE8A-4A4F-99C1-EF0EE190DCAB - Customer page created
2025-06-24 00:05:32 - F5DE9E5C-C7D4-433D-A604-03C2B0AD65CC - Customer page created
2025-06-24 00:11:19 - 30451E29-C902-4067-A63B-E9CFD9545114 - Customer page created
2025-06-24 00:11:40 - 4ECAF895-A73A-460F-9EA4-8A8A2A9BB3C2 - Customer page created
2025-06-24 00:12:11 - A875456A-3941-4A1D-A079-17B519B00D69 - Customer page created
2025-06-24 00:12:25 - 79C2BD90-5C3F-487F-AF36-4A9A4051F303 - Customer page created
2025-06-24 03:17:12 - D33BFF25-92D0-4235-B04C-49B24CF55E22 - Customer page created
2025-06-24 03:19:52 - 6E07AFCC-EDD6-47D7-B928-B10A1927D0D5 - Customer page created
2025-06-24 03:29:26 - 2E0BC743-378D-48BE-A28B-8375763FC8FD - Customer page created
2025-06-24 03:29:28 - 2E0BC743-378D-48BE-A28B-8375763FC8FD - Customer page created
2025-06-24 03:29:28 - 2E0BC743-378D-48BE-A28B-8375763FC8FD - Customer page created
2025-06-24 03:40:22 - 845A9E00-8582-40C1-ACC3-7E7FAD800B27 - Customer page created
2025-06-24 03:40:22 - 845A9E00-8582-40C1-ACC3-7E7FAD800B27 - Customer page created
2025-06-24 03:53:14 - 5B6E0DAB-81EA-4E93-BF08-0668FC63194F - Customer page created
2025-06-24 04:10:28 - E4EC1455-609F-4B1B-8AD8-68A597693BAC - Customer page created
2025-06-24 04:10:30 - E4EC1455-609F-4B1B-8AD8-68A597693BAC - Customer page created
2025-06-24 04:10:31 - E4EC1455-609F-4B1B-8AD8-68A597693BAC - Customer page created
2025-06-24 04:14:27 - 07373B37-1C8B-42CB-B3BF-A084C2E42C3D - Customer page created
2025-06-24 04:14:52 - C422E2FC-9260-4B32-8AB8-81D2E73AF0FC - Customer page created
2025-06-24 04:24:08 - 2A0D09A1-571E-4037-ABD6-5424A15F0489 - Customer page created
2025-06-24 04:33:24 - 0325B9CD-7049-4EA4-A5AC-00E3D88DAC01 - Customer page created
2025-06-24 04:39:41 - 5978611C-0F66-4DDB-83D6-FA7A636AA769 - Customer page created
2025-06-24 16:05:31 - 4F0DC682-3A3D-48A5-AA93-115CE56A559D - Customer page created
2025-06-24 16:13:03 - 8530AA0C-70EC-44EF-946B-37BB639CD4C7 - Customer page created
2025-06-24 16:18:57 - 1CC216F3-405B-4424-A9F9-DB0BB617B3EB - Customer page created
2025-06-24 16:22:59 - 625B1EC9-5B85-492D-AEED-17D374FCA014 - Customer page created
2025-06-24 18:11:08 - 6EF186B4-8F1E-477A-B3C1-C1605B3445EF - Customer page created
2025-06-24 18:29:01 - EB3E226F-DF53-4D89-B4B6-B1CB6C6E2C4A - Customer page created
2025-06-24 18:35:05 - 01953680-46AD-4708-9DAA-24F9CBCF90D1 - Customer page created
2025-06-24 18:36:41 - FE9D2AB7-C05E-40CA-BD1E-B6083AD757E9 - Customer page created
2025-06-24 18:41:38 - 9FCDE06B-EA4C-4AD3-84F4-9F8876982188 - Customer page created
2025-06-24 18:44:17 - E727053F-566B-432D-812F-199CD865EFA9 - Customer page created
2025-06-24 18:47:49 - 3D781114-1FED-446F-8971-3014D3DC7BBF - Customer page created
2025-06-24 18:50:11 - 74D70D08-F9C5-46A3-B266-F218602D59E9 - Customer page created
2025-06-24 20:06:21 - 0EA5FB22-BB8D-4042-897C-2F5311D017A8 - Customer page created
2025-06-24 20:06:21 - 0EA5FB22-BB8D-4042-897C-2F5311D017A8 - Customer page created
2025-06-24 20:06:25 - 0EA5FB22-BB8D-4042-897C-2F5311D017A8 - Customer page created
2025-06-24 20:10:10 - 2E924EA1-D98E-4908-88A2-361D5FE882DD - Customer page created
2025-06-24 20:13:21 - 41B86F2F-416E-46B0-9B69-AAA8FF78C7F5 - Customer page created
2025-06-24 20:13:21 - 41B86F2F-416E-46B0-9B69-AAA8FF78C7F5 - Customer page created
2025-06-24 20:13:27 - 41B86F2F-416E-46B0-9B69-AAA8FF78C7F5 - Customer page created
2025-06-24 20:23:12 - 5B278658-F592-46F0-BDA8-5A6409202FB5 - Customer page created
2025-06-24 20:37:27 - 456D093A-2FC2-4212-91A2-353752CB5D98 - Customer page created
2025-06-24 20:48:18 - B4D580C7-F2C0-4AA1-912D-07825020401A - Customer page created
2025-06-24 20:48:20 - B4D580C7-F2C0-4AA1-912D-07825020401A - Customer page created
2025-06-24 20:48:21 - B4D580C7-F2C0-4AA1-912D-07825020401A - Customer page created
2025-06-24 21:01:42 - FB4020BF-BCA3-4339-A05E-58B43A6BC2C3 - Customer page created
2025-06-24 21:09:09 - A0D7CDEC-A0B6-41DB-BE39-C9B07C7CE5E5 - Customer page created
2025-06-24 21:18:11 - 0E7BE264-2923-4590-9D0A-D618F08B4B64 - Customer page created
2025-06-24 21:29:08 - DFE25B32-0135-49DA-81C2-5B705E25A307 - Customer page created
2025-06-24 21:32:40 - ECAAC4A5-2CF2-4427-AD89-2CBD53CBB635 - Customer page created
2025-06-24 21:35:49 - BBE1C6A8-8E66-401A-B2A9-D9F0095E8D16 - Customer page created
2025-07-01 19:23:57 - AB728716-E5CD-4AB3-8DAB-FCDEF38319FE - Customer page created
2025-07-01 19:36:59 - A9A0E469-6E45-491C-ADEC-96E272AC08DB - Customer page created
2025-07-01 19:42:26 - 2AE00BDD-1817-453E-8550-5C38E21CFE4A - Customer page created
2025-07-01 19:52:48 - F7CE16BF-0864-4BF2-8B74-8BF4AA73080E - Customer page created
2025-07-01 19:58:07 - 83DFABF2-0B0F-4BAD-9D18-1E483B99DF49 - Customer page created
2025-07-01 20:01:37 - 6A0A0E6F-F20F-41C5-A468-95772F84FEE9 - Customer page created
2025-08-04 17:05:52 - 645720CE-CFFF-401C-AD00-2400B0DDA940 - Customer page created
2025-08-04 17:09:19 - 5309A521-6185-4ECF-932C-98AB20315223 - Customer page created
2025-08-04 17:12:54 - 29DEDA9E-C809-448D-9CFE-5F8E81D8D913 - Customer page created
2025-08-04 17:12:55 - 29DEDA9E-C809-448D-9CFE-5F8E81D8D913 - Customer page created
2025-08-04 18:39:47 - 896410B3-87AC-4E0C-96DE-9F7D475ACF83 - Customer page created
2025-08-04 18:39:48 - 896410B3-87AC-4E0C-96DE-9F7D475ACF83 - Customer page created
2025-08-04 18:51:51 - 64989C95-F5AA-4059-8CBB-F57225955E55 - Customer page created
2025-08-04 19:01:22 - 4AF87573-84FA-47AA-8C8F-C3F2D0E0A98E - Customer page created
2025-08-04 19:04:41 - E99B28F7-646D-4F39-975C-0292091B2306 - Customer page created
2025-08-04 19:12:39 - 5411CB74-60F3-4EBF-B0D1-C606925071C3 - Customer page created
2025-08-04 19:30:08 - D9FA6CCB-A575-4F90-B373-019B76E57210 - Customer page created
2025-08-04 19:39:18 - 07B966BA-DE10-4327-9258-F01DADE6D990 - Customer page created
2025-08-04 19:49:06 - 4CACF37F-419D-4DFE-B2DE-7CC07D69A763 - Customer page created
2025-08-04 19:52:20 - E577A318-7A30-422E-939E-90479D1D6AED - Customer page created
2025-08-04 19:55:22 - 45BB5BED-3EA6-4EAD-8473-73AC22DEE0A7 - Customer page created
2025-08-04 20:01:19 - 27115AD3-6271-44B0-B31D-707905808A76 - Customer page created
2025-08-04 20:12:51 - F4814986-F582-477A-AE6D-92CAECB66906 - Customer page created
2025-08-04 20:23:48 - 861D995C-23E6-41FD-B295-4CC3D6B6D8C5 - Customer page created
2025-08-04 20:41:40 - 4CC54323-473B-49C8-9676-FEBC54C3D301 - Customer page created
2025-08-04 20:52:21 - 1D5E9F05-72B4-4E99-A75A-680708D9E876 - Customer page created
2025-08-04 21:01:48 - 653D3FF1-08FF-4119-B055-7C8D8F0C3D86 - Customer page created
2025-08-04 21:19:49 - E730C95C-05B2-4013-86CF-C3AD96886E8A - Customer page created
2025-08-04 21:30:38 - E9C96679-D57C-4EBF-B9B8-1E61F29A8EED - Customer page created
2025-08-04 21:39:50 - EE84CBB4-C77D-47AA-A013-8C4B06E9ABEC - Customer page created
2025-08-05 17:03:50 - E9A93E18-62C7-4801-9DDC-CD38750A10C3 - Customer page created
2025-08-05 19:06:50 - B1E8645F-75B5-416F-B87C-320338EDCF64 - Customer page created
2025-08-05 19:26:30 - 6D4DD760-9C73-48B6-BBDA-DE444D70AF54 - Customer page created
2025-08-05 20:10:54 - 48B6722D-5531-4B54-992D-1DAE5026B2F9 - Customer page created
2025-08-05 20:19:23 - 831845D7-41AD-4AA5-BDB4-D46E95916ED5 - Customer page created
