8bb8f23a2137f7ceda5b466499513340;start;'/media/Users/yshokrollahi/MS004S1.png';202506232318;
8bb8f23a2137f7ceda5b466499513340;finish;'/media/Users/yshokrollahi/MS004S1.png';202506232321;
0d5f0d1415792f3b3efec5bfbb8ad1b6;start;'/media/Users/yshokrollahi/MS008S1_MU.png';202506240001;
0d5f0d1415792f3b3efec5bfbb8ad1b6;finish;'/media/Users/yshokrollahi/MS008S1_MU.png';202506240001;
ffc7e41284016ea4604aa20f1ae3e66a;start;'/media/Users/yshokrollahi/MS011S1_MU.png';202506240001;
ffc7e41284016ea4604aa20f1ae3e66a;finish;'/media/Users/yshokrollahi/MS011S1_MU.png';202506240001;
1ba8dfe719c99dd1b2b13fd7ab5fa9a8;start;'/media/Users/yshokrollahi/MS014S1_MU.png';202506240001;
1ba8dfe719c99dd1b2b13fd7ab5fa9a8;finish;'/media/Users/yshokrollahi/MS014S1_MU.png';202506240001;
68f7f8c7a783ee4c90efbce0783f1bf6;start;'/media/Users/yshokrollahi/MS015S1_OME.ome.tiff';202506240001;
68f7f8c7a783ee4c90efbce0783f1bf6;finish;'/media/Users/yshokrollahi/MS015S1_OME.ome.tiff';202506240002;
8bb8f23a2137f7ceda5b466499513340;start;'/media/Users/yshokrollahi/MS004S1.png';202506240010;
8bb8f23a2137f7ceda5b466499513340;finish;'/media/Users/yshokrollahi/MS004S1.png';202506240010;
0d5f0d1415792f3b3efec5bfbb8ad1b6;start;'/media/Users/yshokrollahi/MS008S1_MU.png';202506240010;
0d5f0d1415792f3b3efec5bfbb8ad1b6;finish;'/media/Users/yshokrollahi/MS008S1_MU.png';202506240010;
ffc7e41284016ea4604aa20f1ae3e66a;start;'/media/Users/yshokrollahi/MS011S1_MU.png';202506240010;
ffc7e41284016ea4604aa20f1ae3e66a;finish;'/media/Users/yshokrollahi/MS011S1_MU.png';202506240010;
1ba8dfe719c99dd1b2b13fd7ab5fa9a8;start;'/media/Users/yshokrollahi/MS014S1_MU.png';202506240010;
1ba8dfe719c99dd1b2b13fd7ab5fa9a8;finish;'/media/Users/yshokrollahi/MS014S1_MU.png';202506240010;
0f99778d132733905c9c482788c5ccc1;start;'/media/Users/yshokrollahi/Adenoid_cystic_Carcinoma_image_1.jpg';202506240316;
0f99778d132733905c9c482788c5ccc1;finish;'/media/Users/yshokrollahi/Adenoid_cystic_Carcinoma_image_1.jpg';202506240316;
8bb8f23a2137f7ceda5b466499513340;start;'/media/Users/yshokrollahi/MS004S1.png';202506240318;
8bb8f23a2137f7ceda5b466499513340;finish;'/media/Users/yshokrollahi/MS004S1.png';202506240318;
8bb8f23a2137f7ceda5b466499513340;start;'/media/Users/yshokrollahi/MS004S1.png';202506240328;
8bb8f23a2137f7ceda5b466499513340;finish;'/media/Users/yshokrollahi/MS004S1.png';202506240328;
1ba8dfe719c99dd1b2b13fd7ab5fa9a8;start;'/media/Users/yshokrollahi/MS014S1_MU.png';202506240339;
1ba8dfe719c99dd1b2b13fd7ab5fa9a8;finish;'/media/Users/yshokrollahi/MS014S1_MU.png';202506240339;
0f99778d132733905c9c482788c5ccc1;start;'/media/Users/yshokrollahi/Adenoid_cystic_Carcinoma_image_1.jpg';202506240352;
0f99778d132733905c9c482788c5ccc1;finish;'/media/Users/yshokrollahi/Adenoid_cystic_Carcinoma_image_1.jpg';202506240352;
8bb8f23a2137f7ceda5b466499513340;start;'/media/Users/yshokrollahi/MS004S1.png';202506240409;
8bb8f23a2137f7ceda5b466499513340;finish;'/media/Users/yshokrollahi/MS004S1.png';202506240409;
0d5f0d1415792f3b3efec5bfbb8ad1b6;start;'/media/Users/yshokrollahi/MS008S1_MU.png';202506240413;
0d5f0d1415792f3b3efec5bfbb8ad1b6;finish;'/media/Users/yshokrollahi/MS008S1_MU.png';202506240413;
ffc7e41284016ea4604aa20f1ae3e66a;start;'/media/Users/yshokrollahi/MS011S1_MU.png';202506240413;
ffc7e41284016ea4604aa20f1ae3e66a;finish;'/media/Users/yshokrollahi/MS011S1_MU.png';202506240413;
0f99778d132733905c9c482788c5ccc1;start;'/media/Users/yshokrollahi/Adenoid_cystic_Carcinoma_image_1.jpg';202506240423;
0f99778d132733905c9c482788c5ccc1;finish;'/media/Users/yshokrollahi/Adenoid_cystic_Carcinoma_image_1.jpg';202506240423;
8bb8f23a2137f7ceda5b466499513340;start;'/media/Users/yshokrollahi/MS004S1.png';202506240432;
8bb8f23a2137f7ceda5b466499513340;finish;'/media/Users/yshokrollahi/MS004S1.png';202506240432;
0f99778d132733905c9c482788c5ccc1;start;'/media/Users/yshokrollahi/Adenoid_cystic_Carcinoma_image_1.jpg';202506240438;
0f99778d132733905c9c482788c5ccc1;finish;'/media/Users/yshokrollahi/Adenoid_cystic_Carcinoma_image_1.jpg';202506240438;
3be3dd54bc9a9217939cffd1074d6c5d;start;'/media/Users/yshokrollahi/MS003_HE.svs';202506241604;
3be3dd54bc9a9217939cffd1074d6c5d;finish;'/media/Users/yshokrollahi/MS003_HE.svs';202506241604;
024011fdf2f3f33617058f475c794710;start;'/media/Users/yshokrollahi/MS006_HE.svs';202506241611;
024011fdf2f3f33617058f475c794710;finish;'/media/Users/yshokrollahi/MS006_HE.svs';202506241611;
3be3dd54bc9a9217939cffd1074d6c5d;start;'/media/Users/yshokrollahi/MS003_HE.svs';202506241617;
3be3dd54bc9a9217939cffd1074d6c5d;finish;'/media/Users/yshokrollahi/MS003_HE.svs';202506241617;
3be3dd54bc9a9217939cffd1074d6c5d;start;'/media/Users/yshokrollahi/MS003_HE.svs';202506241621;
3be3dd54bc9a9217939cffd1074d6c5d;finish;'/media/Users/yshokrollahi/MS003_HE.svs';202506241621;
43d184cf40543d1cc55ef9510bc98c20;start;'/media/Users/yshokrollahi/MS002_HE.svs';202506241809;
43d184cf40543d1cc55ef9510bc98c20;finish;'/media/Users/yshokrollahi/MS002_HE.svs';202506241809;
ffc7e41284016ea4604aa20f1ae3e66a;start;'/media/Users/yshokrollahi/MS011S1_MU.png';202506241827;
ffc7e41284016ea4604aa20f1ae3e66a;finish;'/media/Users/yshokrollahi/MS011S1_MU.png';202506241827;
43d184cf40543d1cc55ef9510bc98c20;start;'/media/Users/yshokrollahi/MS002_HE.svs';202506241833;
43d184cf40543d1cc55ef9510bc98c20;finish;'/media/Users/yshokrollahi/MS002_HE.svs';202506241833;
32e61eac297b5ac333070377f98e37d5;start;'/media/Users/yshokrollahi/Digital_Pathology_Place_Blog_10_best_Pathology_Resources_designin_image_analysis_algorithms2.jpg';202506241835;
32e61eac297b5ac333070377f98e37d5;finish;'/media/Users/yshokrollahi/Digital_Pathology_Place_Blog_10_best_Pathology_Resources_designin_image_analysis_algorithms2.jpg';202506241835;
0f99778d132733905c9c482788c5ccc1;start;'/media/Users/yshokrollahi/Adenoid_cystic_Carcinoma_image_1.jpg';202506241840;
0f99778d132733905c9c482788c5ccc1;finish;'/media/Users/yshokrollahi/Adenoid_cystic_Carcinoma_image_1.jpg';202506241840;
32e61eac297b5ac333070377f98e37d5;start;'/media/Users/yshokrollahi/smaller.jpg';202506241843;
32e61eac297b5ac333070377f98e37d5;finish;'/media/Users/yshokrollahi/smaller.jpg';202506241843;
8bb8f23a2137f7ceda5b466499513340;start;'/media/Users/yshokrollahi/MS004S1.png';202506241846;
8bb8f23a2137f7ceda5b466499513340;finish;'/media/Users/yshokrollahi/MS004S1.png';202506241846;
0f99778d132733905c9c482788c5ccc1;start;'/media/Users/yshokrollahi/Adenoid_cystic_Carcinoma_image_1.jpg';202506241849;
0f99778d132733905c9c482788c5ccc1;finish;'/media/Users/yshokrollahi/Adenoid_cystic_Carcinoma_image_1.jpg';202506241849;
0f99778d132733905c9c482788c5ccc1;start;'/media/Users/yshokrollahi/Adenoid_cystic_Carcinoma_image_1.jpg';202506242005;
0f99778d132733905c9c482788c5ccc1;finish;'/media/Users/yshokrollahi/Adenoid_cystic_Carcinoma_image_1.jpg';202506242005;
0f99778d132733905c9c482788c5ccc1;start;'/media/Users/yshokrollahi/Adenoid_cystic_Carcinoma_image_1.jpg';202506242009;
0f99778d132733905c9c482788c5ccc1;finish;'/media/Users/yshokrollahi/Adenoid_cystic_Carcinoma_image_1.jpg';202506242009;
0f99778d132733905c9c482788c5ccc1;start;'/media/Users/yshokrollahi/Adenoid_cystic_Carcinoma_image_1.jpg';202506242012;
0f99778d132733905c9c482788c5ccc1;finish;'/media/Users/yshokrollahi/Adenoid_cystic_Carcinoma_image_1.jpg';202506242012;
0f99778d132733905c9c482788c5ccc1;start;'/media/Users/yshokrollahi/Adenoid_cystic_Carcinoma_image_1.jpg';202506242022;
0f99778d132733905c9c482788c5ccc1;finish;'/media/Users/yshokrollahi/Adenoid_cystic_Carcinoma_image_1.jpg';202506242022;
3be3dd54bc9a9217939cffd1074d6c5d;start;'/media/Users/yshokrollahi/MS003_HE.svs';202506242036;
3be3dd54bc9a9217939cffd1074d6c5d;finish;'/media/Users/yshokrollahi/MS003_HE.svs';202506242036;
0f99778d132733905c9c482788c5ccc1;start;'/media/Users/yshokrollahi/Adenoid_cystic_Carcinoma_image_1.jpg';202506242047;
0f99778d132733905c9c482788c5ccc1;finish;'/media/Users/yshokrollahi/Adenoid_cystic_Carcinoma_image_1.jpg';202506242047;
0f99778d132733905c9c482788c5ccc1;start;'/media/Users/yshokrollahi/Adenoid_cystic_Carcinoma_image_1.jpg';202506242100;
0f99778d132733905c9c482788c5ccc1;finish;'/media/Users/yshokrollahi/Adenoid_cystic_Carcinoma_image_1.jpg';202506242100;
0f99778d132733905c9c482788c5ccc1;start;'/media/Users/yshokrollahi/Adenoid_cystic_Carcinoma_image_1.jpg';202506242108;
0f99778d132733905c9c482788c5ccc1;finish;'/media/Users/yshokrollahi/Adenoid_cystic_Carcinoma_image_1.jpg';202506242108;
0f99778d132733905c9c482788c5ccc1;start;'/media/Users/yshokrollahi/Adenoid_cystic_Carcinoma_image_1.jpg';202506242117;
0f99778d132733905c9c482788c5ccc1;finish;'/media/Users/yshokrollahi/Adenoid_cystic_Carcinoma_image_1.jpg';202506242117;
0f99778d132733905c9c482788c5ccc1;start;'/media/Users/yshokrollahi/Adenoid_cystic_Carcinoma_image_1.jpg';202506242128;
0f99778d132733905c9c482788c5ccc1;finish;'/media/Users/yshokrollahi/Adenoid_cystic_Carcinoma_image_1.jpg';202506242128;
0f99778d132733905c9c482788c5ccc1;start;'/media/Users/yshokrollahi/Adenoid_cystic_Carcinoma_image_1.jpg';202506242131;
0f99778d132733905c9c482788c5ccc1;finish;'/media/Users/yshokrollahi/Adenoid_cystic_Carcinoma_image_1.jpg';202506242131;
8bb8f23a2137f7ceda5b466499513340;start;'/media/Users/yshokrollahi/MS004S1.png';202506242134;
8bb8f23a2137f7ceda5b466499513340;finish;'/media/Users/yshokrollahi/MS004S1.png';202506242134;
452f436d0cc9a7a64c18a6ae8a81c7b8;start;'/media/Users/admin_22/MS004_HE.svs';202507011914;
452f436d0cc9a7a64c18a6ae8a81c7b8;finish;'/media/Users/admin_22/MS004_HE.svs';202507011922;
024011fdf2f3f33617058f475c794710;start;'/media/Users/admin_22/MS006_HE.svs';202507011935;
024011fdf2f3f33617058f475c794710;finish;'/media/Users/admin_22/MS006_HE.svs';202507011935;
3be3dd54bc9a9217939cffd1074d6c5d;start;'/media/Users/admin_22/MS003_HE.svs';202507011941;
3be3dd54bc9a9217939cffd1074d6c5d;finish;'/media/Users/admin_22/MS003_HE.svs';202507011941;
8edd63745fae8e887ab08c01d3adefad;start;'/media/Users/admin_22/MS005_HE.svs';202507011951;
8edd63745fae8e887ab08c01d3adefad;finish;'/media/Users/admin_22/MS005_HE.svs';202507011951;
b29fbaa52fb7f451a278e86e54ba1b0b;start;'/media/Users/yshokrollahi/Screenshot_2025-06-02_at_11.52.49___AM.png';202507011957;
b29fbaa52fb7f451a278e86e54ba1b0b;finish;'/media/Users/yshokrollahi/Screenshot_2025-06-02_at_11.52.49___AM.png';202507011957;
b29fbaa52fb7f451a278e86e54ba1b0b;start;'/media/Users/yshokrollahi/Screenshot_2025-06-02_at_11.52.49___AM.png';202507012000;
b29fbaa52fb7f451a278e86e54ba1b0b;finish;'/media/Users/yshokrollahi/Screenshot_2025-06-02_at_11.52.49___AM.png';202507012000;
9612a48b4ab457b465d5abc7bd391401;start;'/media/Users/yshokrollahi/nuclei_wsi_segmentation.jpg';202508041704;
9612a48b4ab457b465d5abc7bd391401;finish;'/media/Users/yshokrollahi/nuclei_wsi_segmentation.jpg';202508041704;
9612a48b4ab457b465d5abc7bd391401;start;'/media/Users/yshokrollahi/nuclei_wsi_segmentation.jpg';202508041708;
9612a48b4ab457b465d5abc7bd391401;finish;'/media/Users/yshokrollahi/nuclei_wsi_segmentation.jpg';202508041708;
9612a48b4ab457b465d5abc7bd391401;start;'/media/Users/yshokrollahi/nuclei_wsi_segmentation.jpg';202508041711;
9612a48b4ab457b465d5abc7bd391401;finish;'/media/Users/yshokrollahi/nuclei_wsi_segmentation.jpg';202508041711;
9d084fe4cc85d50361e29cc8bdc60684;start;'/media/Users/yshokrollahi/MOS080_HE.svs';202508041838;
9d084fe4cc85d50361e29cc8bdc60684;finish;'/media/Users/yshokrollahi/MOS080_HE.svs';202508041838;
9d084fe4cc85d50361e29cc8bdc60684;start;'/media/Users/yshokrollahi/MOS080_HE.svs';202508041850;
9d084fe4cc85d50361e29cc8bdc60684;finish;'/media/Users/yshokrollahi/MOS080_HE.svs';202508041850;
9d084fe4cc85d50361e29cc8bdc60684;start;'/media/Users/yshokrollahi/MOS080_HE.svs';202508041859;
9d084fe4cc85d50361e29cc8bdc60684;finish;'/media/Users/yshokrollahi/MOS080_HE.svs';202508041859;
cfc437bc68fd158f78982bf2fb2ca8dd;start;'/media/Users/yshokrollahi/pathology.jpg';202508041903;
cfc437bc68fd158f78982bf2fb2ca8dd;finish;'/media/Users/yshokrollahi/pathology.jpg';202508041903;
cfc437bc68fd158f78982bf2fb2ca8dd;start;'/media/Users/yshokrollahi/pathology.jpg';202508041911;
cfc437bc68fd158f78982bf2fb2ca8dd;finish;'/media/Users/yshokrollahi/pathology.jpg';202508041911;
cfc437bc68fd158f78982bf2fb2ca8dd;start;'/media/Users/yshokrollahi/pathology.jpg';202508041929;
cfc437bc68fd158f78982bf2fb2ca8dd;finish;'/media/Users/yshokrollahi/pathology.jpg';202508041929;
9d084fe4cc85d50361e29cc8bdc60684;start;'/media/Users/yshokrollahi/MOS080_HE.svs';202508041937;
9d084fe4cc85d50361e29cc8bdc60684;finish;'/media/Users/yshokrollahi/MOS080_HE.svs';202508041937;
cfc437bc68fd158f78982bf2fb2ca8dd;start;'/media/Users/yshokrollahi/pathology.jpg';202508041948;
cfc437bc68fd158f78982bf2fb2ca8dd;finish;'/media/Users/yshokrollahi/pathology.jpg';202508041948;
9d084fe4cc85d50361e29cc8bdc60684;start;'/media/Users/yshokrollahi/MOS080_HE.svs';202508041950;
9d084fe4cc85d50361e29cc8bdc60684;finish;'/media/Users/yshokrollahi/MOS080_HE.svs';202508041950;
9d084fe4cc85d50361e29cc8bdc60684;start;'/media/Users/yshokrollahi/MOS080_HE.svs';202508041953;
9d084fe4cc85d50361e29cc8bdc60684;finish;'/media/Users/yshokrollahi/MOS080_HE.svs';202508041953;
9d084fe4cc85d50361e29cc8bdc60684;start;'/media/Users/yshokrollahi/MOS080_HE.svs';202508041959;
9d084fe4cc85d50361e29cc8bdc60684;finish;'/media/Users/yshokrollahi/MOS080_HE.svs';202508041959;
9d084fe4cc85d50361e29cc8bdc60684;start;'/media/Users/yshokrollahi/MOS080_HE.svs';202508042011;
9d084fe4cc85d50361e29cc8bdc60684;finish;'/media/Users/yshokrollahi/MOS080_HE.svs';202508042011;
9d084fe4cc85d50361e29cc8bdc60684;start;'/media/Users/yshokrollahi/MOS080_HE.svs';202508042022;
9d084fe4cc85d50361e29cc8bdc60684;finish;'/media/Users/yshokrollahi/MOS080_HE.svs';202508042022;
cfc437bc68fd158f78982bf2fb2ca8dd;start;'/media/Users/yshokrollahi/pathology.jpg';202508042040;
cfc437bc68fd158f78982bf2fb2ca8dd;finish;'/media/Users/yshokrollahi/pathology.jpg';202508042040;
9d084fe4cc85d50361e29cc8bdc60684;start;'/media/Users/yshokrollahi/MOS080_HE.svs';202508042050;
9d084fe4cc85d50361e29cc8bdc60684;finish;'/media/Users/yshokrollahi/MOS080_HE.svs';202508042050;
9d084fe4cc85d50361e29cc8bdc60684;start;'/media/Users/yshokrollahi/MOS080_HE.svs';202508042100;
9d084fe4cc85d50361e29cc8bdc60684;finish;'/media/Users/yshokrollahi/MOS080_HE.svs';202508042100;
9d084fe4cc85d50361e29cc8bdc60684;start;'/media/Users/yshokrollahi/MOS080_HE.svs';202508042118;
9d084fe4cc85d50361e29cc8bdc60684;finish;'/media/Users/yshokrollahi/MOS080_HE.svs';202508042118;
cfc437bc68fd158f78982bf2fb2ca8dd;start;'/media/Users/yshokrollahi/pathology.jpg';202508042129;
cfc437bc68fd158f78982bf2fb2ca8dd;finish;'/media/Users/yshokrollahi/pathology.jpg';202508042129;
9d084fe4cc85d50361e29cc8bdc60684;start;'/media/Users/yshokrollahi/MOS080_HE.svs';202508042138;
9d084fe4cc85d50361e29cc8bdc60684;finish;'/media/Users/yshokrollahi/MOS080_HE.svs';202508042138;
9d084fe4cc85d50361e29cc8bdc60684;start;'/media/Users/yshokrollahi/newHE.svs';202508051702;
9d084fe4cc85d50361e29cc8bdc60684;finish;'/media/Users/yshokrollahi/newHE.svs';202508051702;
9d084fe4cc85d50361e29cc8bdc60684;start;'/media/Users/yshokrollahi/newHE.svs';202508051905;
9d084fe4cc85d50361e29cc8bdc60684;finish;'/media/Users/yshokrollahi/newHE.svs';202508051905;
9d084fe4cc85d50361e29cc8bdc60684;start;'/media/Users/yshokrollahi/newHE.svs';202508051924;
9d084fe4cc85d50361e29cc8bdc60684;finish;'/media/Users/yshokrollahi/newHE.svs';202508051924;
9d084fe4cc85d50361e29cc8bdc60684;start;'/media/Users/yshokrollahi/newHE.svs';202508052009;
9d084fe4cc85d50361e29cc8bdc60684;finish;'/media/Users/yshokrollahi/newHE.svs';202508052009;
9d084fe4cc85d50361e29cc8bdc60684;start;'/media/Users/yshokrollahi/newHE.svs';202508052017;
9d084fe4cc85d50361e29cc8bdc60684;finish;'/media/Users/yshokrollahi/newHE.svs';202508052017;
